
Amr@Amr-HP MINGW64 ~/Desktop/Sprint0
$ git init
Initialized empty Git repository in C:/Users/Amr/Desktop/Sprint0/.git/

Amr@Amr-HP MINGW64 ~/Desktop/Sprint0 (master)
$ git config --global user.name 'amradels21'

Amr@Amr-HP MINGW64 ~/Desktop/Sprint0 (master)
$ git config --global user.email 'amradel21@icloud.com'

Amr@Amr-HP MINGW64 ~/Desktop/Sprint0 (master)
$ git add .

Amr@Amr-HP MINGW64 ~/Desktop/Sprint0 (master)
$ git status
On branch master

No commits yet

Changes to be committed:
  (use "git rm --cached <file>..." to unstage)

        new file:   Distributed_Git.txt
        new file:   Getting_started.txt
        new file:   Git_Branching.txt


Amr@Amr-HP MINGW64 ~/Desktop/Sprint0 (master)
$ git rm --cached Git_Branching.txt
rm 'Git_Branching.txt'

Amr@Amr-HP MINGW64 ~/Desktop/Sprint0 (master)
$ git status
On branch master

No commits yet

Changes to be committed:
  (use "git rm --cached <file>..." to unstage)

        new file:   Distributed_Git.txt
        new file:   Getting_started.txt

Untracked files:
  (use "git add <file>..." to include in what will be committed)

        Git_Branching.txt


Amr@Amr-HP MINGW64 ~/Desktop/Sprint0 (master)
$ git add Git_Branching.txt

Amr@Amr-HP MINGW64 ~/Desktop/Sprint0 (master)
$ git status
On branch master

No commits yet

Changes to be committed:
  (use "git rm --cached <file>..." to unstage)

        new file:   Distributed_Git.txt
        new file:   Getting_started.txt
        new file:   Git_Branching.txt


Amr@Amr-HP MINGW64 ~/Desktop/Sprint0 (master)
$ git commit -m '3 files added, 1 removed, added again'
[master (root-commit) 59edcf7] 3 files added, 1 removed, added again
 3 files changed, 187 insertions(+)
 create mode 100644 Distributed_Git.txt
 create mode 100644 Getting_started.txt
 create mode 100644 Git_Branching.txt

Amr@Amr-HP MINGW64 ~/Desktop/Sprint0 (master)
$ git remote

Amr@Amr-HP MINGW64 ~/Desktop/Sprint0 (master)
$ git remote add origin https://github.com/amradels21/individual0.git

Amr@Amr-HP MINGW64 ~/Desktop/Sprint0 (master)
$ git remote
origin

Amr@Amr-HP MINGW64 ~/Desktop/Sprint0 (master)
$ git push -u origin master
remote: Permission to amradels21/individual0.git denied to OmarMokbel.
fatal: unable to access 'https://github.com/amradels21/individual0.git/': The requested URL returned error: 403

Amr@Amr-HP MINGW64 ~/Desktop/Sprint0 (master)
$ git config --global --unset-all
error: wrong number of arguments
usage: git config [<options>]

Config file location
    --global              use global config file
    --system              use system config file
    --local               use repository config file
    -f, --file <file>     use given config file
    --blob <blob-id>      read config from given blob object

Action
    --get                 get value: name [value-regex]
    --get-all             get all values: key [value-regex]
    --get-regexp          get values for regexp: name-regex [value-regex]
    --get-urlmatch        get value specific for the URL: section[.var] URL
    --replace-all         replace all matching variables: name value [value_regex]
    --add                 add a new variable: name value
    --unset               remove a variable: name [value-regex]
    --unset-all           remove all matches: name [value-regex]
    --rename-section      rename section: old-name new-name
    --remove-section      remove a section: name
    -l, --list            list all
    -e, --edit            open an editor
    --get-color           find the color configured: slot [default]
    --get-colorbool       find the color setting: slot [stdout-is-tty]

Type
    --bool                value is "true" or "false"
    --int                 value is decimal number
    --bool-or-int         value is --bool or --int
    --path                value is a path (file or directory name)
    --expiry-date         value is an expiry date

Other
    -z, --null            terminate values with NUL byte
    --name-only           show variable names only
    --includes            respect include directives on lookup
    --show-origin         show origin of config (file, standard input, blob, command line)


Amr@Amr-HP MINGW64 ~/Desktop/Sprint0 (master)
$ git status
On branch master
nothing to commit, working tree clean

Amr@Amr-HP MINGW64 ~/Desktop/Sprint0 (master)
$ git config --global user.name 'amradels21'

Amr@Amr-HP MINGW64 ~/Desktop/Sprint0 (master)
$ git config --global user.email 'amradel21@icloud.com'

Amr@Amr-HP MINGW64 ~/Desktop/Sprint0 (master)
$ git push -u origin master
remote: Permission to amradels21/individual0.git denied to OmarMokbel.
fatal: unable to access 'https://github.com/amradels21/individual0.git/': The requested URL returned error: 403

Amr@Amr-HP MINGW64 ~/Desktop/Sprint0 (master)
$ git push -u origin master
Counting objects: 5, done.
Delta compression using up to 4 threads.
Compressing objects: 100% (5/5), done.
Writing objects: 100% (5/5), 7.97 KiB | 314.00 KiB/s, done.
Total 5 (delta 0), reused 0 (delta 0)
To https://github.com/amradels21/individual0.git
 * [new branch]      master -> master
Branch 'master' set up to track remote branch 'master' from 'origin'.

Amr@Amr-HP MINGW64 ~/Desktop/Sprint0 (master)
$ touch ReadMe.md

Amr@Amr-HP MINGW64 ~/Desktop/Sprint0 (master)
$ git branch ReadMe

Amr@Amr-HP MINGW64 ~/Desktop/Sprint0 (master)
$ git checkout ReadMe
Switched to branch 'ReadMe'

Amr@Amr-HP MINGW64 ~/Desktop/Sprint0 (ReadMe)
$ git add .

Amr@Amr-HP MINGW64 ~/Desktop/Sprint0 (ReadMe)
$ git status
On branch ReadMe
Changes to be committed:
  (use "git reset HEAD <file>..." to unstage)

        new file:   ReadMe.md


Amr@Amr-HP MINGW64 ~/Desktop/Sprint0 (ReadMe)
$ git commit -m 'added new file to the new branch'
[ReadMe 35bf8de] added new file to the new branch
 1 file changed, 5 insertions(+)
 create mode 100644 ReadMe.md

Amr@Amr-HP MINGW64 ~/Desktop/Sprint0 (ReadMe)
$ git checkout master
Switched to branch 'master'
Your branch is up to date with 'origin/master'.

Amr@Amr-HP MINGW64 ~/Desktop/Sprint0 (master)
$ git merge ReadMe
Updating 59edcf7..35bf8de
Fast-forward
 ReadMe.md | 5 +++++
 1 file changed, 5 insertions(+)
 create mode 100644 ReadMe.md

Amr@Amr-HP MINGW64 ~/Desktop/Sprint0 (master)
$ git add .

